// Jest Snapshot v1, https://goo.gl/fbAQLP

exports[`Landing Page Landing Page does render 1`] = `
<View
  style={
    Object {
      "alignItems": "center",
      "backgroundColor": "#fffefe",
      "color": "#fafafa",
      "flex": 1,
      "justifyContent": "center",
    }
  }
>
  <Image
    source={
      Object {
        "testUri": "../../../assets/logo.png",
      }
    }
    style={
      Object {
        "height": 300,
        "width": 300,
      }
    }
  />
  <View
    accessible={true}
    focusable={true}
    onClick={[Function]}
    onResponderGrant={[Function]}
    onResponderMove={[Function]}
    onResponderRelease={[Function]}
    onResponderTerminate={[Function]}
    onResponderTerminationRequest={[Function]}
    onStartShouldSetResponder={[Function]}
    style={
      Object {
        "backgroundColor": "#5DA25B",
        "borderRadius": 10,
        "display": "flex",
        "justifyContent": "center",
        "margin": 10,
        "opacity": 1,
        "padding": 15,
        "shadowColor": "rgba(0, 0, 0, 0.05)",
        "shadowOffset": Object {
          "height": 7,
          "width": 7,
        },
        "shadowOpacity": 0.1,
        "width": 150,
      }
    }
  >
    <Text
      style={
        Object {
          "color": "white",
          "fontSize": 19,
        }
      }
    >
      Search Plants
    </Text>
  </View>
  <View
    accessible={true}
    focusable={true}
    onClick={[Function]}
    onResponderGrant={[Function]}
    onResponderMove={[Function]}
    onResponderRelease={[Function]}
    onResponderTerminate={[Function]}
    onResponderTerminationRequest={[Function]}
    onStartShouldSetResponder={[Function]}
    style={
      Object {
        "backgroundColor": "#5DA25B",
        "borderRadius": 10,
        "display": "flex",
        "justifyContent": "center",
        "margin": 10,
        "opacity": 1,
        "padding": 15,
        "shadowColor": "rgba(0, 0, 0, 0.05)",
        "shadowOffset": Object {
          "height": 7,
          "width": 7,
        },
        "shadowOpacity": 0.1,
        "width": 150,
      }
    }
  >
    <Text
      style={
        Object {
          "color": "white",
          "fontSize": 19,
        }
      }
    >
      My Garden
    </Text>
  </View>
</View>
`;
