// Jest Snapshot v1, https://goo.gl/fbAQLP

exports[`Landing Page / Home Screen everything renders as expected 1`] = `
<RCTSafeAreaView
  emulateUnlessSupported={true}
>
  <View>
    <Text>
      Give your new crop a name
    </Text>
    <View
      style={
        Object {
          "alignItems": "center",
          "borderBottomWidth": 1,
          "borderColor": "#a7a7a7",
          "padding": 5,
          "width": "100%",
        }
      }
    >
      <TextInput
        allowFontScaling={true}
        onChangeText={[Function]}
        placeholder="Enter plant name"
        rejectResponderTermination={true}
        style={
          Array [
            Object {
              "borderColor": "#1d1d1d",
              "borderRadius": 2,
              "borderWidth": 1,
              "color": "#1d1d1d",
              "height": 30,
              "margin": 10,
              "padding": 5,
              "width": 300,
            },
            Object {
              "color": "#1d1d1d",
              "fontSize": 19,
            },
          ]
        }
        underlineColorAndroid="transparent"
      />
      <View
        style={
          Object {
            "borderRadius": 5,
          }
        }
      >
        <View
          accessibilityRole="button"
          accessibilityState={Object {}}
          accessible={true}
          focusable={true}
          onClick={[Function]}
          onResponderGrant={[Function]}
          onResponderMove={[Function]}
          onResponderRelease={[Function]}
          onResponderTerminate={[Function]}
          onResponderTerminationRequest={[Function]}
          onStartShouldSetResponder={[Function]}
          style={
            Object {
              "opacity": 1,
            }
          }
        >
          <View
            style={
              Array [
                Object {},
              ]
            }
          >
            <Text
              style={
                Array [
                  Object {
                    "color": "#007AFF",
                    "fontSize": 18,
                    "margin": 8,
                    "textAlign": "center",
                  },
                ]
              }
            >
              Add Plant
            </Text>
          </View>
        </View>
      </View>
    </View>
    <View
      accessible={true}
      focusable={true}
      onClick={[Function]}
      onResponderGrant={[Function]}
      onResponderMove={[Function]}
      onResponderRelease={[Function]}
      onResponderTerminate={[Function]}
      onResponderTerminationRequest={[Function]}
      onStartShouldSetResponder={[Function]}
      style={
        Object {
          "opacity": 1,
        }
      }
    >
      <Text>
        Go Back
      </Text>
    </View>
  </View>
</RCTSafeAreaView>
`;
