// Jest Snapshot v1, https://goo.gl/fbAQLP

exports[`PlantProfile Page PlantProfile Page does render 1`] = `
<RCTSafeAreaView
  emulateUnlessSupported={true}
  style={
    Object {
      "alignItems": "center",
      "backgroundColor": "#fffefe",
      "flex": 1,
      "justifyContent": "center",
    }
  }
>
  <View
    accessibilityIgnoresInvertColors={true}
    style={
      Object {
        "flex": 1,
        "width": "100%",
      }
    }
  >
    <Image
      source={
        Object {
          "testUri": "../../../assets/plant_info_background.jpg",
        }
      }
      style={
        Array [
          Object {
            "bottom": 0,
            "left": 0,
            "position": "absolute",
            "right": 0,
            "top": 0,
          },
          Object {
            "height": undefined,
            "width": "100%",
          },
          undefined,
        ]
      }
    />
    <View
      style={
        Object {
          "alignItems": "center",
          "backgroundColor": "rgba(93,162,91,.9)",
          "flex": 2,
          "justifyContent": "center",
        }
      }
    >
      <Text
        style={
          Object {
            "color": "#fafafa",
            "fontSize": 40,
          }
        }
      >
        Sunflower
      </Text>
      <Text
        style={
          Object {
            "color": "#fafafa",
            "fontSize": 20,
          }
        }
      >
        Jimothy
      </Text>
    </View>
    <View
      style={
        Object {
          "backgroundColor": "rgba(255, 255, 255, .5)",
          "flex": 2.5,
          "marginBottom": "-20%",
          "width": "100%",
        }
      }
    />
    <View
      style={
        Object {
          "alignItems": "center",
          "justifyContent": "center",
          "marginBottom": "-10%",
          "marginTop": "-5%",
          "width": "100%",
          "zIndex": 1,
        }
      }
    >
      <Image
        style={
          Object {
            "borderColor": "orange",
            "borderRadius": 100,
            "borderWidth": 3,
            "height": 120,
            "width": 120,
          }
        }
      />
    </View>
    <View
      style={
        Object {
          "alignItems": "center",
          "flex": 8,
          "height": "100%",
          "marginBottom": "10%",
          "marginTop": "-10%",
          "width": "100%",
        }
      }
    >
      <View
        style={
          Object {
            "backgroundColor": "rgba(148, 126, 104, .9)",
            "borderRadius": 10,
            "height": "70%",
            "justifyContent": "space-around",
            "paddingLeft": "5%",
            "paddingRight": "2%",
            "paddingTop": "25%",
            "width": "85%",
          }
        }
      >
        <Text
          style={
            Object {
              "color": "#E3CBB5",
              "fontSize": 24,
            }
          }
        >
          Last Watered On:
        </Text>
        <Text
          style={
            Object {
              "color": "#fafafa",
              "fontSize": 22,
              "marginBottom": "15%",
              "marginTop": "12%",
            }
          }
        >
          placeholder text
        </Text>
        <Text
          style={
            Object {
              "color": "#E3CBB5",
              "fontSize": 24,
            }
          }
        >
          Harvest Date:
        </Text>
        <Text
          style={
            Object {
              "color": "#fafafa",
              "fontSize": 22,
              "marginBottom": "15%",
              "marginTop": "12%",
            }
          }
        >
          placeholder text
        </Text>
      </View>
    </View>
    <View
      accessible={true}
      focusable={true}
      onClick={[Function]}
      onResponderGrant={[Function]}
      onResponderMove={[Function]}
      onResponderRelease={[Function]}
      onResponderTerminate={[Function]}
      onResponderTerminationRequest={[Function]}
      onStartShouldSetResponder={[Function]}
      style={
        Object {
          "alignItems": "center",
          "backgroundColor": "#f8f8f8",
          "flex": 1.5,
          "justifyContent": "center",
          "opacity": 1,
        }
      }
    >
      <Text
        style={
          Object {
            "color": "#383838",
            "fontSize": 30,
          }
        }
      >
        Go Back to My Garden
      </Text>
    </View>
  </View>
</RCTSafeAreaView>
`;
